Stack Allocation = 4000 bytes

 Start  Stop   Length Name                   Class
 00000H 0FE48H 0FE49H ARES_CODE              BC_CODE
 0FE50H 11AA5H 01C56H ARES_II_CODE           BC_CODE
 11AB0H 1510DH 0365EH FORMTEXT_CODE          BC_CODE
 15110H 189BBH 038ACH MYLIB_CODE             BC_CODE
 189C0H 1984CH 00E8DH FORMPARS_CODE          BC_CODE
 1984EH 1A557H 00D0AH MYLIB_TEXT             CODE
 1A558H 214A9H 06F52H CODE                   CODE
 214AAH 21646H 0019DH INIT_CODE              CODE
 21650H 2378BH 0213CH _TEXT                  CODE
 23790H 25BBFH 02430H EMULATOR_TEXT          CODE
 25BC0H 25C61H 000A2H LOADRTM                CODE
 25C62H 25C62H 00000H C_ETEXT                ENDCODE
 25C70H 25DDFH 00170H EMULATOR_DATA          FAR_DATA
 25DE0H 25DE7H 00008H FAR_HDR                FAR_MSG
 25DE8H 265ABH 007C4H FAR_MSG                FAR_MSG
 265ACH 265ADH 00002H FAR_PAD                FAR_MSG
 265AEH 265AEH 00001H FAR_EPAD               FAR_MSG
 265B0H 265B0H 00000H BR_DATA                BLANK
 265B0H 265DFH 00030H BR_SKYS                BLANK
 265E0H 265E0H 00000H COMMON                 BLANK
 265E0H 2690DH 0032EH BC_DATA                BC_DATA
 2690EH 26913H 00006H NMALLOC                BC_VARS
 26914H 26914H 00000H ENMALLOC               BC_VARS
 26914H 26914H 00000H BC_FT                  BC_SEGS
 26920H 27407H 00AE8H BC_CN                  BC_SEGS
 27410H 277E2H 003D3H BC_DS                  BC_SEGS
 277E4H 277E4H 00000H BC_SAB                 BC_SEGS
 277E4H 277F7H 00014H BC_SA                  BC_SEGS
 277F8H 277FBH 00004H BC_SAE                 BC_SEGS
 277FCH 27E85H 0068AH _DATA                  DATA
 27E86H 27F4FH 000CAH CONST                  DATA
 27F50H 28478H 00529H _BSS                   DATA
 2847AH 2847AH 00000H XIB                    DATA
 2847AH 284B9H 00040H XI                     DATA
 284BAH 284BAH 00000H XIE                    DATA
 284BAH 285B5H 000FCH BR_DATA                DATA
 285B6H 285B6H 00000H XCB                    DATA
 285B6H 285B9H 00004H XC                     DATA
 285BAH 285BAH 00000H XCE                    DATA
 285BAH 285BDH 00004H EXEC                   DATA
 285BEH 285CBH 0000EH CDATA                  DATA
 285CCH 285CCH 00000H XIFB                   DATA
 285CCH 285CCH 00000H XIF                    DATA
 285CCH 285CCH 00000H XIFE                   DATA
 285CCH 285CCH 00000H XPB                    DATA
 285CCH 285CCH 00000H XP                     DATA
 285CCH 285CCH 00000H XPE                    DATA
 285CCH 285CCH 00000H XCFB                   DATA
 285CCH 285CCH 00000H XCF                    DATA
 285CCH 285CCH 00000H XCFE                   DATA
 285CCH 285D5H 0000AH CONST                  CONST
 285D6H 2C803H 0422EH _BSS                   BSS
 2C804H 2C804H 00000H XOB                    BSS
 2C804H 2C804H 00000H XO                     BSS
 2C804H 2C804H 00000H XOE                    BSS
 2C810H 2C849H 0003AH c_common               BSS
 2C850H 2D7EFH 00FA0H STACK                  STACK

 Origin   Group
 265B:0   DGROUP
 25DE:0   FMGROUP

Program entry point at 2165:0010
